---
source: src/tui/widgets/text_display.rs
expression: buffer
---
Buffer {
    area: Rect { x: 0, y: 0, width: 50, height: 10 },
    content: [
        "┌──────────────────Block Title───────────────────┐",
        "│                                                ↑",
        "│  Hello, World!                                 █",
        "│  Here's some inselectable text                 █",
        "│  Hello, World!                                 █",
        "│  Here's some selectable text 1                 ║",
        "│  Hello, World!                                 ║",
        "│  Here's some selectable text 2                 ║",
        "│                                                ↓",
        "└────────────────────────────────────────────────┘",
    ],
    styles: [
        x: 0, y: 0, fg: DarkGray, bg: Black, underline: Reset, modifier: NONE,
    ]
}
