---
source: src/tui/widgets/scrollable_area.rs
expression: buffer
---
Buffer {
    area: Rect { x: 2, y: 2, width: 20, height: 10 },
    content: [
        "┌──────────────────┐",
        "│                 ↑│",
        "│  st4            ║│",
        "│  st5            █│",
        "│  st6            █│",
        "│  st7            █│",
        "│  st8            █│",
        "│  st9            ║│",
        "│                 ↓│",
        "└──────────────────┘",
    ],
    styles: [
        x: 0, y: 0, fg: Reset, bg: Reset, underline: Reset, modifier: NONE,
        x: 3, y: 2, fg: Yellow, bg: Reset, underline: Reset, modifier: NONE,
        x: 6, y: 2, fg: Reset, bg: Reset, underline: Reset, modifier: NONE,
        x: 3, y: 3, fg: Red, bg: Reset, underline: Reset, modifier: NONE,
        x: 6, y: 3, fg: Reset, bg: Reset, underline: Reset, modifier: NONE,
        x: 3, y: 4, fg: Blue, bg: Reset, underline: Reset, modifier: NONE,
        x: 6, y: 4, fg: Reset, bg: Reset, underline: Reset, modifier: NONE,
        x: 3, y: 5, fg: Green, bg: Reset, underline: Reset, modifier: NONE,
        x: 6, y: 5, fg: Reset, bg: Reset, underline: Reset, modifier: NONE,
        x: 3, y: 6, fg: Yellow, bg: Reset, underline: Reset, modifier: NONE,
        x: 6, y: 6, fg: Reset, bg: Reset, underline: Reset, modifier: NONE,
        x: 3, y: 7, fg: Red, bg: Reset, underline: Reset, modifier: NONE,
        x: 6, y: 7, fg: Reset, bg: Reset, underline: Reset, modifier: NONE,
    ]
}
