---
source: src/tui/widgets/scrollable_area.rs
expression: buffer
---
Buffer {
    area: Rect { x: 0, y: 0, width: 80, height: 24 },
    content: [
        "Test1                                                                          ↑",
        "Test2                                                                          █",
        "Test3                                                                          █",
        "Test4                                                                          █",
        "Test5                                                                          █",
        "Test6                                                                          █",
        "Test7                                                                          █",
        "Test8                                                                          █",
        "Test9                                                                          █",
        "Test10                                                                         █",
        "Test11                                                                         █",
        "Test12                                                                         █",
        "Test13                                                                         █",
        "Test14                                                                         █",
        "Test15                                                                         █",
        "Test16                                                                         █",
        "Test17                                                                         █",
        "Test18                                                                         █",
        "Test19                                                                         █",
        "Test20                                                                         ║",
        "Header1                    Header2                   Header3                   ║",
        "                                                                               ║",
        "Test1_1                    Test1_2                   Test1_3                   ║",
        "Test2_1                    Test2_2                   Test2_3                   ↓",
    ],
    styles: [
        x: 0, y: 0, fg: Reset, bg: Reset, underline: Reset, modifier: NONE,
        x: 0, y: 5, fg: Black, bg: White, underline: Reset, modifier: NONE,
        x: 79, y: 5, fg: Reset, bg: Reset, underline: Reset, modifier: NONE,
        x: 0, y: 6, fg: Black, bg: White, underline: Reset, modifier: NONE,
        x: 79, y: 6, fg: Reset, bg: Reset, underline: Reset, modifier: NONE,
        x: 0, y: 7, fg: Black, bg: White, underline: Reset, modifier: NONE,
        x: 79, y: 7, fg: Reset, bg: Reset, underline: Reset, modifier: NONE,
        x: 0, y: 8, fg: Black, bg: White, underline: Reset, modifier: NONE,
        x: 79, y: 8, fg: Reset, bg: Reset, underline: Reset, modifier: NONE,
        x: 0, y: 9, fg: Black, bg: White, underline: Reset, modifier: NONE,
        x: 79, y: 9, fg: Reset, bg: Reset, underline: Reset, modifier: NONE,
    ]
}
