---
source: src/tui/widgets/scrollable_area.rs
expression: buffer
---
Buffer {
    area: Rect { x: 0, y: 0, width: 10, height: 10 },
    content: [
        "         ↑",
        "         ║",
        "         ║",
        "         █",
        "         █",
        "         █",
        "         █",
        "         ║",
        "         ║",
        "         ↓",
    ],
    styles: [
        x: 0, y: 0, fg: Reset, bg: Reset, underline: Reset, modifier: NONE,
    ]
}
